# Normalized deterministic tables
# Full argv and raw stdout hashes are in manifest.json.
# Each arm exited 0 and was byte-identical on immediate rerun.
# Both raw stdout hashes are byte-identical to the prior v1-binary bundle.
# This staged scorer does not consume EnigmaSearchObjective; it is a ranking control,
# not a final break verdict.

######## trigram model = generic ########
trigram model : helut-german-trigram-add-k-0.5-e08a5659-v1
scorer: staged
   len ctrls  win    win%  medMargin    medZ  plugs   corr
────────────────────────────────────────────────────────────────────────────────────────────────
    72    30    5     17%    -0.2306   -0.01   1/10     7%
   100    23    4     17%    -0.2070    0.25   1/10     7%
   140    12    0      0%    -0.1475    0.70   1/10     6%
   180     6    1     17%    -0.1287    0.19   2/10    12%
   252     3    3    100%    +0.9273   14.14  10/10   100%

######## trigram model = naval leave-one-out ########
trigram model : U-534 naval dialect (48 decrypts, 7537 letters), leave-one-out
scorer: staged
   len ctrls  win    win%  medMargin    medZ  plugs   corr
────────────────────────────────────────────────────────────────────────────────────────────────
    72    30    4     13%    -0.2496   -0.15   1/10     7%
   100    23    4     17%    -0.2241    0.25   1/10     7%
   140    12    0      0%    -0.1397    0.66   1/10     6%
   180     6    1     17%    -0.1381    0.15   2/10    10%
   252     3    3    100%    +1.1531   16.75  10/10   100%

EXIT=0
