=== EP14 receipt: Enigma M3 boolean path, N=1024 B=1, 3 runs ===
date: 2026-09-05T16:40:43Z
cmd: helut-bench --bench enigma_netlist.json --degree 1024 --batch 1 --ticks 10 --warmup 1 --reset-hold 3 --bench-equiv
host: Apple M4 Max / macOS 26.6.2
netlist sha256: 747d4eb71a8d0564abc0aa86fa006c5f6472f0d98c2144d5a8125e9f8afaab05

######## run 1 ########
HELUT boolean-path bench
  netlist: enigma_netlist.json
  N=1024  B=1  ticks=10  warmup=1  reset_hold=3
  encoding: constant-fill (trivial, noise-free)
  LUT backend: multilinear

Compiled module 'enigma_core': 10 inputs, 688 LUTs, 26 DFFs, 8 outputs
Compile breakdown: boolean-safe LUT lower 0.04 s, graph build 0.00 s (total 0.04 s)
COMPILE
  total            0.0391 s
  LUT lower        0.0362 s
  graph build      0.0028 s
  cells            688 LUTs, 26 DFFs, 10 inputs, 8 outputs
  RSS delta        +14.9 MiB (after=32.2 MiB)

  tick  1  0.3064 s  resetn=0
  tick  2  0.0153 s  resetn=0
  tick  3  0.0145 s  resetn=0
  tick  4  0.0148 s  resetn=1
  tick  5  0.0145 s  resetn=1
  tick  6  0.0150 s  resetn=1
  tick  7  0.0189 s  resetn=1
  tick  8  0.0155 s  resetn=1
  tick  9  0.0150 s  resetn=1
  tick 10  0.0149 s  resetn=1
CLOCK
  ticks total      0.4450 s (10 ticks)
  tick 1 (JIT)     0.3064 s
  steady avg       0.0154 s/tick (n=9, skip warmup=1)
  steady Hz        64.92

EQUIV (Metal boolean-path ≡ CleartextNetlistSim)
  encoding: constant-fill
  LUT backend: multilinear
Compiled module 'enigma_core': 10 inputs, 688 LUTs, 26 DFFs, 8 outputs
Compile breakdown: boolean-safe LUT lower 0.04 s, graph build 0.00 s (total 0.04 s)
  plaintext      KEINEBESONDERENEREIGNISSE
  clear          KEINEBESONDERENEREIGNISSE
  metal          KEINEBESONDERENEREIGNISSE
  compile        0.0388 s (N=1024 B=1)
  stream         0.6592 s (25 letters, 0.0264 s/letter)
  result          PASS

RSS final 238.9 MiB (delta from start +221.6 MiB)

######## run 2 ########
HELUT boolean-path bench
  netlist: enigma_netlist.json
  N=1024  B=1  ticks=10  warmup=1  reset_hold=3
  encoding: constant-fill (trivial, noise-free)
  LUT backend: multilinear

Compiled module 'enigma_core': 10 inputs, 688 LUTs, 26 DFFs, 8 outputs
Compile breakdown: boolean-safe LUT lower 0.04 s, graph build 0.00 s (total 0.04 s)
COMPILE
  total            0.0379 s
  LUT lower        0.0353 s
  graph build      0.0026 s
  cells            688 LUTs, 26 DFFs, 10 inputs, 8 outputs
  RSS delta        +14.8 MiB (after=32.2 MiB)

  tick  1  0.3088 s  resetn=0
  tick  2  0.0148 s  resetn=0
  tick  3  0.0147 s  resetn=0
  tick  4  0.0147 s  resetn=1
  tick  5  0.0149 s  resetn=1
  tick  6  0.0145 s  resetn=1
  tick  7  0.0147 s  resetn=1
  tick  8  0.0143 s  resetn=1
  tick  9  0.0150 s  resetn=1
  tick 10  0.0149 s  resetn=1
CLOCK
  ticks total      0.4413 s (10 ticks)
  tick 1 (JIT)     0.3088 s
  steady avg       0.0147 s/tick (n=9, skip warmup=1)
  steady Hz        67.96

EQUIV (Metal boolean-path ≡ CleartextNetlistSim)
  encoding: constant-fill
  LUT backend: multilinear
Compiled module 'enigma_core': 10 inputs, 688 LUTs, 26 DFFs, 8 outputs
Compile breakdown: boolean-safe LUT lower 0.04 s, graph build 0.00 s (total 0.04 s)
  plaintext      KEINEBESONDERENEREIGNISSE
  clear          KEINEBESONDERENEREIGNISSE
  metal          KEINEBESONDERENEREIGNISSE
  compile        0.0384 s (N=1024 B=1)
  stream         0.6654 s (25 letters, 0.0266 s/letter)
  result          PASS

RSS final 239.0 MiB (delta from start +221.6 MiB)

######## run 3 ########
HELUT boolean-path bench
  netlist: enigma_netlist.json
  N=1024  B=1  ticks=10  warmup=1  reset_hold=3
  encoding: constant-fill (trivial, noise-free)
  LUT backend: multilinear

Compiled module 'enigma_core': 10 inputs, 688 LUTs, 26 DFFs, 8 outputs
Compile breakdown: boolean-safe LUT lower 0.04 s, graph build 0.00 s (total 0.04 s)
COMPILE
  total            0.0383 s
  LUT lower        0.0356 s
  graph build      0.0026 s
  cells            688 LUTs, 26 DFFs, 10 inputs, 8 outputs
  RSS delta        +14.8 MiB (after=32.2 MiB)

  tick  1  0.3074 s  resetn=0
  tick  2  0.0154 s  resetn=0
  tick  3  0.0146 s  resetn=0
  tick  4  0.0147 s  resetn=1
  tick  5  0.0147 s  resetn=1
  tick  6  0.0148 s  resetn=1
  tick  7  0.0148 s  resetn=1
  tick  8  0.0150 s  resetn=1
  tick  9  0.0148 s  resetn=1
  tick 10  0.0145 s  resetn=1
CLOCK
  ticks total      0.4407 s (10 ticks)
  tick 1 (JIT)     0.3074 s
  steady avg       0.0148 s/tick (n=9, skip warmup=1)
  steady Hz        67.49

EQUIV (Metal boolean-path ≡ CleartextNetlistSim)
  encoding: constant-fill
  LUT backend: multilinear
Compiled module 'enigma_core': 10 inputs, 688 LUTs, 26 DFFs, 8 outputs
Compile breakdown: boolean-safe LUT lower 0.03 s, graph build 0.00 s (total 0.04 s)
  plaintext      KEINEBESONDERENEREIGNISSE
  clear          KEINEBESONDERENEREIGNISSE
  metal          KEINEBESONDERENEREIGNISSE
  compile        0.0376 s (N=1024 B=1)
  stream         0.6863 s (25 letters, 0.0275 s/letter)
  result          PASS

RSS final 240.1 MiB (delta from start +222.7 MiB)

######## provenance / spread notes ########
# The three runs above are the warm set quoted by Episode 14.
#   compile   0.0391 / 0.0379 / 0.0383 s   -> median 0.0383 s
#   tick 1    0.3064 / 0.3088 / 0.3074 s   -> median 0.3074 s
#   steady    0.0154 / 0.0147 / 0.0148 s   -> median 0.0148 s/tick (n=9 each)
#   steady Hz 64.92 / 67.96 / 67.49        -> median 67.49, spread 64.9-68.0
#   RSS final 238.9 / 239.0 / 240.1 MiB    -> median 239.0 MiB
#   EQUIV     PASS x3, KEINEBESONDERENEREIGNISSE, 25 letters, clear == metal
#
# Cold-pass observations taken immediately before this set, same command, same
# box, cold GPU/page cache (kept for the variance point in the episode):
#   steady Hz 51.69 / 51.27 / 51.55
#
# Archived August runs of the same netlist at N=1024 B=1 for comparison:
#   logs/helut-boolean-bench-20260812T190807Z.log   steady Hz 66.28 (reset_hold=3)
#   logs/helut-boolean-scale-20260812T191117Z.log   steady Hz 68.37 (reset_hold=0)
#   logs/helut-boolean-scale-20260813T233646Z.log   steady Hz 71.69 (reset_hold=0)
#
# Rule applied: directives/claim-sheet.md timing-variance rule (median of >=3
# runs plus spread; a single timing number is not reproducible even on one box).
